npm warn exec The following package was not found and will be installed: serve@14.2.6
 INFO  Accepting connections at http://localhost:3000
 HTTP  9/28/2026 5:47:21 AM ::1 GET /dashboard/teacher
 HTTP  9/28/2026 5:47:21 AM ::1 Returned 200 in 257 ms
 HTTP  9/28/2026 5:47:22 AM ::1 GET /_next/static/media/4473ecc91f70f139-s.p.woff
 HTTP  9/28/2026 5:47:22 AM ::1 GET /_next/static/css/2bce971115739588.css
 HTTP  9/28/2026 5:47:22 AM ::1 GET /_next/static/media/463dafcda517f24f-s.p.woff
 HTTP  9/28/2026 5:47:22 AM ::1 Returned 200 in 4 ms
 HTTP  9/28/2026 5:47:22 AM ::1 Returned 200 in 6 ms
 HTTP  9/28/2026 5:47:22 AM ::1 Returned 200 in 4 ms
 HTTP  9/28/2026 5:47:22 AM ::1 GET /_next/static/chunks/webpack-76f2d985752be275.js
 HTTP  9/28/2026 5:47:22 AM ::1 Returned 200 in 2 ms
 HTTP  9/28/2026 5:47:22 AM ::1 GET /_next/static/chunks/fd9d1056-7b1b7461446c1d7f.js
 HTTP  9/28/2026 5:47:22 AM ::1 Returned 200 in 2 ms
 HTTP  9/28/2026 5:47:22 AM ::1 GET /_next/static/chunks/117-7b75e89687194f50.js
 HTTP  9/28/2026 5:47:22 AM ::1 GET /_next/static/chunks/main-app-6fca1515cee9a03c.js
 HTTP  9/28/2026 5:47:22 AM ::1 GET /_next/static/chunks/711f8d0a-564cfc2752ac89c1.js
 HTTP  9/28/2026 5:47:22 AM ::1 GET /_next/static/chunks/b2b8fa22-e0333752b9dc9db8.js
 HTTP  9/28/2026 5:47:22 AM ::1 GET /_next/static/chunks/0e142730-017496facba5547f.js
 HTTP  9/28/2026 5:47:22 AM ::1 Returned 200 in 10 ms
 HTTP  9/28/2026 5:47:22 AM ::1 GET /_next/static/chunks/70-776f07de5ac93058.js
 HTTP  9/28/2026 5:47:22 AM ::1 Returned 200 in 11 ms
 HTTP  9/28/2026 5:47:22 AM ::1 Returned 200 in 12 ms
 HTTP  9/28/2026 5:47:22 AM ::1 GET /_next/static/chunks/64-fe8d9d2d6e5b1c4a.js
 HTTP  9/28/2026 5:47:22 AM ::1 Returned 200 in 15 ms
 HTTP  9/28/2026 5:47:22 AM ::1 Returned 200 in 24 ms
 HTTP  9/28/2026 5:47:22 AM ::1 Returned 200 in 10 ms
 HTTP  9/28/2026 5:47:22 AM ::1 Returned 200 in 29 ms
 HTTP  9/28/2026 5:47:22 AM ::1 GET /_next/static/chunks/648-21dc01aafdb65af4.js
 HTTP  9/28/2026 5:47:22 AM ::1 GET /_next/static/chunks/990-2e04961a724206ba.js
 HTTP  9/28/2026 5:47:22 AM ::1 GET /_next/static/chunks/795-e3f322f60baf490d.js
 HTTP  9/28/2026 5:47:22 AM ::1 Returned 200 in 18 ms
 HTTP  9/28/2026 5:47:22 AM ::1 Returned 200 in 18 ms
 HTTP  9/28/2026 5:47:22 AM ::1 GET /_next/static/chunks/504-f97282548ef3e2b9.js
 HTTP  9/28/2026 5:47:22 AM ::1 Returned 200 in 14 ms
 HTTP  9/28/2026 5:47:22 AM ::1 Returned 200 in 10 ms
 HTTP  9/28/2026 5:47:22 AM ::1 GET /_next/static/chunks/app/dashboard/teacher/page-607bfd8bc2408165.js
 HTTP  9/28/2026 5:47:22 AM ::1 Returned 200 in 1 ms
 HTTP  9/28/2026 5:47:22 AM ::1 GET /_next/static/chunks/647-7ed79d191e6df260.js
 HTTP  9/28/2026 5:47:22 AM ::1 Returned 200 in 1 ms
 HTTP  9/28/2026 5:47:22 AM ::1 GET /_next/static/chunks/app/dashboard/layout-7e0736a00c81f07b.js
 HTTP  9/28/2026 5:47:22 AM ::1 GET /_next/static/chunks/app/layout-b66e92b916aa5b6c.js
 HTTP  9/28/2026 5:47:22 AM ::1 Returned 200 in 3 ms
 HTTP  9/28/2026 5:47:22 AM ::1 Returned 200 in 3 ms
 HTTP  9/28/2026 5:47:22 AM ::1 GET /index.txt?_rsc=ysh13
 HTTP  9/28/2026 5:47:22 AM ::1 Returned 200 in 2 ms
 HTTP  9/28/2026 5:47:22 AM ::1 GET /_next/static/chunks/app/page-8af7e868d5552790.js
 HTTP  9/28/2026 5:47:22 AM ::1 Returned 200 in 1 ms
 HTTP  9/28/2026 5:47:23 AM ::1 GET /dashboard/teacher/attempts
 HTTP  9/28/2026 5:47:23 AM ::1 Returned 200 in 3 ms
 HTTP  9/28/2026 5:47:23 AM ::1 GET /_next/static/css/2bce971115739588.css
 HTTP  9/28/2026 5:47:23 AM ::1 GET /_next/static/media/4473ecc91f70f139-s.p.woff
 HTTP  9/28/2026 5:47:23 AM ::1 GET /_next/static/media/463dafcda517f24f-s.p.woff
 HTTP  9/28/2026 5:47:23 AM ::1 Returned 304 in 2 ms
 HTTP  9/28/2026 5:47:23 AM ::1 Returned 304 in 1 ms
 HTTP  9/28/2026 5:47:23 AM ::1 Returned 304 in 1 ms
 HTTP  9/28/2026 5:47:23 AM ::1 GET /_next/static/chunks/webpack-76f2d985752be275.js
 HTTP  9/28/2026 5:47:23 AM ::1 GET /_next/static/chunks/fd9d1056-7b1b7461446c1d7f.js
 HTTP  9/28/2026 5:47:23 AM ::1 Returned 304 in 2 ms
 HTTP  9/28/2026 5:47:23 AM ::1 Returned 304 in 2 ms
 HTTP  9/28/2026 5:47:23 AM ::1 GET /_next/static/chunks/117-7b75e89687194f50.js
 HTTP  9/28/2026 5:47:23 AM ::1 Returned 304 in 1 ms
 HTTP  9/28/2026 5:47:23 AM ::1 GET /_next/static/chunks/main-app-6fca1515cee9a03c.js
 HTTP  9/28/2026 5:47:23 AM ::1 GET /_next/static/chunks/711f8d0a-564cfc2752ac89c1.js
 HTTP  9/28/2026 5:47:23 AM ::1 GET /_next/static/chunks/b2b8fa22-e0333752b9dc9db8.js
 HTTP  9/28/2026 5:47:23 AM ::1 GET /_next/static/chunks/70-776f07de5ac93058.js
 HTTP  9/28/2026 5:47:23 AM ::1 GET /_next/static/chunks/0e142730-017496facba5547f.js
 HTTP  9/28/2026 5:47:23 AM ::1 GET /_next/static/chunks/64-fe8d9d2d6e5b1c4a.js
 HTTP  9/28/2026 5:47:23 AM ::1 Returned 304 in 3 ms
 HTTP  9/28/2026 5:47:23 AM ::1 Returned 304 in 3 ms
 HTTP  9/28/2026 5:47:23 AM ::1 Returned 304 in 4 ms
 HTTP  9/28/2026 5:47:23 AM ::1 Returned 304 in 3 ms
 HTTP  9/28/2026 5:47:23 AM ::1 Returned 304 in 3 ms
 HTTP  9/28/2026 5:47:23 AM ::1 Returned 304 in 3 ms
 HTTP  9/28/2026 5:47:23 AM ::1 GET /_next/static/chunks/648-21dc01aafdb65af4.js
 HTTP  9/28/2026 5:47:23 AM ::1 GET /_next/static/chunks/30-bd60120923663251.js
 HTTP  9/28/2026 5:47:23 AM ::1 GET /_next/static/chunks/app/dashboard/teacher/attempts/page-a38c894ab56f7f8c.js
 HTTP  9/28/2026 5:47:23 AM ::1 GET /_next/static/chunks/990-2e04961a724206ba.js
 HTTP  9/28/2026 5:47:23 AM ::1 GET /_next/static/chunks/647-7ed79d191e6df260.js
 HTTP  9/28/2026 5:47:23 AM ::1 GET /_next/static/chunks/app/dashboard/layout-7e0736a00c81f07b.js
 HTTP  9/28/2026 5:47:23 AM ::1 Returned 304 in 2 ms
 HTTP  9/28/2026 5:47:23 AM ::1 Returned 304 in 2 ms
 HTTP  9/28/2026 5:47:23 AM ::1 Returned 304 in 2 ms
 HTTP  9/28/2026 5:47:23 AM ::1 Returned 304 in 2 ms
 HTTP  9/28/2026 5:47:23 AM ::1 Returned 200 in 5 ms
 HTTP  9/28/2026 5:47:23 AM ::1 Returned 200 in 4 ms
 HTTP  9/28/2026 5:47:23 AM ::1 GET /_next/static/chunks/app/layout-b66e92b916aa5b6c.js
 HTTP  9/28/2026 5:47:23 AM ::1 Returned 304 in 0 ms
 HTTP  9/28/2026 5:47:23 AM ::1 GET /index.txt?_rsc=1g0ab
 HTTP  9/28/2026 5:47:23 AM ::1 Returned 200 in 1 ms
 HTTP  9/28/2026 5:47:23 AM ::1 GET /_next/static/chunks/app/page-8af7e868d5552790.js
 HTTP  9/28/2026 5:47:23 AM ::1 Returned 304 in 1 ms
